MPLINK 5.08, LINKER
Linker Map File - Created Thu Apr 27 06:13:33 2017

                                 Section Info
                  Section       Type    Address   Location Size(Bytes)
                ---------  ---------  ---------  ---------  ---------
                   .org_0       code   0x000000    program   0x000006
                   .cinit    romdata   0x000003    program   0x000004
                   .org_1       code   0x000005    program   0x000386
                   .org_2       code   0x000800    program   0x0001dc
.config_2007_BUILD/DEFAULT/PRODUCTION/MAIN_PR       code   0x002007    program   0x000002
.config_2008_BUILD/DEFAULT/PRODUCTION/MAIN_PR       code   0x002008    program   0x000002



                              Program Memory Usage 
                               Start         End      
                           ---------   ---------      
                            0x000000    0x0001c7      
                            0x000800    0x0008ed      
                            0x002007    0x002008      
            696 out of 8455 program addresses used, program memory utilization is 8%



                              Symbols - Sorted by Name
                     Name    Address   Location    Storage File                     
                ---------  ---------  ---------  --------- ---------                
              Charge_data   0x000110    program     static C:\Users\Tonhito54\OneDrive\MPLABXProjects\Laboratorio_2.X\Rutinas_Temp.inc
                   Conf_P   0x000034    program     static C:\Users\Tonhito54\OneDrive\MPLABXProjects\Laboratorio_2.X\Configuracion.inc
                 Conf_osc   0x00002f    program     static C:\Users\Tonhito54\OneDrive\MPLABXProjects\Laboratorio_2.X\Configuracion.inc
               Decremento   0x00008d    program     static C:\Users\Tonhito54\OneDrive\MPLABXProjects\Laboratorio_2.X\Rutinas_Temp.inc
                      Fin   0x00002e    program     static C:\Users\Tonhito54\OneDrive\MPLABXProjects\Laboratorio_2.X\Main_Prog.asm
                 Fin_temp   0x00001b    program     static C:\Users\Tonhito54\OneDrive\MPLABXProjects\Laboratorio_2.X\Main_Prog.asm
                       I1   0x0000ef    program     static C:\Users\Tonhito54\OneDrive\MPLABXProjects\Laboratorio_2.X\Rutinas_Temp.inc
               Incremento   0x0000e9    program     static C:\Users\Tonhito54\OneDrive\MPLABXProjects\Laboratorio_2.X\Rutinas_Temp.inc
             Inicio_banks   0x0001a5    program     static C:\Users\Tonhito54\OneDrive\MPLABXProjects\Laboratorio_2.X\Rutinas_Temp.inc
                      M_1   0x000012    program     static C:\Users\Tonhito54\OneDrive\MPLABXProjects\Laboratorio_2.X\Main_Prog.asm
                      M_2   0x00000f    program     static C:\Users\Tonhito54\OneDrive\MPLABXProjects\Laboratorio_2.X\Main_Prog.asm
                      M_3   0x00001f    program     static C:\Users\Tonhito54\OneDrive\MPLABXProjects\Laboratorio_2.X\Main_Prog.asm
                      M_4   0x00002d    program     static C:\Users\Tonhito54\OneDrive\MPLABXProjects\Laboratorio_2.X\Main_Prog.asm
                      M_5   0x000027    program     static C:\Users\Tonhito54\OneDrive\MPLABXProjects\Laboratorio_2.X\Main_Prog.asm
                     Main   0x000005    program     static C:\Users\Tonhito54\OneDrive\MPLABXProjects\Laboratorio_2.X\Main_Prog.asm
                 RET100ms   0x00005a    program     static C:\Users\Tonhito54\OneDrive\MPLABXProjects\Laboratorio_2.X\Retardos.inc
                  RET10ms   0x00006c    program     static C:\Users\Tonhito54\OneDrive\MPLABXProjects\Laboratorio_2.X\Retardos.inc
                    RET1s   0x000050    program     static C:\Users\Tonhito54\OneDrive\MPLABXProjects\Laboratorio_2.X\Retardos.inc
                 RET2.56s   0x00004c    program     static C:\Users\Tonhito54\OneDrive\MPLABXProjects\Laboratorio_2.X\Retardos.inc
                 RET200ms   0x000058    program     static C:\Users\Tonhito54\OneDrive\MPLABXProjects\Laboratorio_2.X\Retardos.inc
                  RET20ms   0x00006a    program     static C:\Users\Tonhito54\OneDrive\MPLABXProjects\Laboratorio_2.X\Retardos.inc
                   RET2ms   0x00007d    program     static C:\Users\Tonhito54\OneDrive\MPLABXProjects\Laboratorio_2.X\Retardos.inc
                    RET2s   0x00004e    program     static C:\Users\Tonhito54\OneDrive\MPLABXProjects\Laboratorio_2.X\Retardos.inc
                 RET300ms   0x000056    program     static C:\Users\Tonhito54\OneDrive\MPLABXProjects\Laboratorio_2.X\Retardos.inc
                  RET30ms   0x000068    program     static C:\Users\Tonhito54\OneDrive\MPLABXProjects\Laboratorio_2.X\Retardos.inc
                 RET400ms   0x000054    program     static C:\Users\Tonhito54\OneDrive\MPLABXProjects\Laboratorio_2.X\Retardos.inc
                  RET40ms   0x000066    program     static C:\Users\Tonhito54\OneDrive\MPLABXProjects\Laboratorio_2.X\Retardos.inc
                 RET500ms   0x000052    program     static C:\Users\Tonhito54\OneDrive\MPLABXProjects\Laboratorio_2.X\Retardos.inc
                  RET50ms   0x000064    program     static C:\Users\Tonhito54\OneDrive\MPLABXProjects\Laboratorio_2.X\Retardos.inc
                  RET60ms   0x000062    program     static C:\Users\Tonhito54\OneDrive\MPLABXProjects\Laboratorio_2.X\Retardos.inc
                  RET70ms   0x000060    program     static C:\Users\Tonhito54\OneDrive\MPLABXProjects\Laboratorio_2.X\Retardos.inc
                  RET80ms   0x00005e    program     static C:\Users\Tonhito54\OneDrive\MPLABXProjects\Laboratorio_2.X\Retardos.inc
                  RET90ms   0x00005c    program     static C:\Users\Tonhito54\OneDrive\MPLABXProjects\Laboratorio_2.X\Retardos.inc
                   TABL_1   0x000180    program     static C:\Users\Tonhito54\OneDrive\MPLABXProjects\Laboratorio_2.X\Rutinas_Temp.inc
                   TABL_2   0x000189    program     static C:\Users\Tonhito54\OneDrive\MPLABXProjects\Laboratorio_2.X\Rutinas_Temp.inc
                   TABL_3   0x000192    program     static C:\Users\Tonhito54\OneDrive\MPLABXProjects\Laboratorio_2.X\Rutinas_Temp.inc
                   TABL_4   0x00019b    program     static C:\Users\Tonhito54\OneDrive\MPLABXProjects\Laboratorio_2.X\Rutinas_Temp.inc
                   TEMP_1   0x00011d    program     static C:\Users\Tonhito54\OneDrive\MPLABXProjects\Laboratorio_2.X\Rutinas_Temp.inc
                   TEMP_2   0x00012b    program     static C:\Users\Tonhito54\OneDrive\MPLABXProjects\Laboratorio_2.X\Rutinas_Temp.inc
                   TEMP_3   0x000139    program     static C:\Users\Tonhito54\OneDrive\MPLABXProjects\Laboratorio_2.X\Rutinas_Temp.inc
                   TEMP_4   0x000147    program     static C:\Users\Tonhito54\OneDrive\MPLABXProjects\Laboratorio_2.X\Rutinas_Temp.inc
                      T_1   0x000174    program     static C:\Users\Tonhito54\OneDrive\MPLABXProjects\Laboratorio_2.X\Rutinas_Temp.inc
                      T_2   0x000177    program     static C:\Users\Tonhito54\OneDrive\MPLABXProjects\Laboratorio_2.X\Rutinas_Temp.inc
                    Tabla   0x000800    program     static C:\Users\Tonhito54\OneDrive\MPLABXProjects\Laboratorio_2.X\Tabla.inc
                   Test_Z   0x0000d7    program     static C:\Users\Tonhito54\OneDrive\MPLABXProjects\Laboratorio_2.X\Rutinas_Temp.inc
               Vis_Estrob   0x000151    program     static C:\Users\Tonhito54\OneDrive\MPLABXProjects\Laboratorio_2.X\Rutinas_Temp.inc
                  Vis_dat   0x0001ac    program     static C:\Users\Tonhito54\OneDrive\MPLABXProjects\Laboratorio_2.X\Rutinas_Temp.inc
              Vis_mensaje   0x000167    program     static C:\Users\Tonhito54\OneDrive\MPLABXProjects\Laboratorio_2.X\Rutinas_Temp.inc
             _.org_1_0009   0x000009    program     static C:\Users\Tonhito54\OneDrive\MPLABXProjects\Laboratorio_2.X\Main_Prog.asm
             _.org_1_000C   0x00000c    program     static C:\Users\Tonhito54\OneDrive\MPLABXProjects\Laboratorio_2.X\Main_Prog.asm
             _.org_1_0017   0x000017    program     static C:\Users\Tonhito54\OneDrive\MPLABXProjects\Laboratorio_2.X\Main_Prog.asm
             _.org_1_004A   0x00004a    program     static C:\Users\Tonhito54\OneDrive\MPLABXProjects\Laboratorio_2.X\Configuracion.inc
             _.org_1_0074   0x000074    program     static C:\Users\Tonhito54\OneDrive\MPLABXProjects\Laboratorio_2.X\Retardos.inc
             _.org_1_0077   0x000077    program     static C:\Users\Tonhito54\OneDrive\MPLABXProjects\Laboratorio_2.X\Retardos.inc
             _.org_1_007A   0x00007a    program     static C:\Users\Tonhito54\OneDrive\MPLABXProjects\Laboratorio_2.X\Retardos.inc
             _.org_1_0084   0x000084    program     static C:\Users\Tonhito54\OneDrive\MPLABXProjects\Laboratorio_2.X\Retardos.inc
             _.org_1_0087   0x000087    program     static C:\Users\Tonhito54\OneDrive\MPLABXProjects\Laboratorio_2.X\Retardos.inc
             _.org_1_008A   0x00008a    program     static C:\Users\Tonhito54\OneDrive\MPLABXProjects\Laboratorio_2.X\Retardos.inc
             _.org_1_0091   0x000091    program     static C:\Users\Tonhito54\OneDrive\MPLABXProjects\Laboratorio_2.X\Rutinas_Temp.inc
             _.org_1_0095   0x000095    program     static C:\Users\Tonhito54\OneDrive\MPLABXProjects\Laboratorio_2.X\Rutinas_Temp.inc
             _.org_1_009C   0x00009c    program     static C:\Users\Tonhito54\OneDrive\MPLABXProjects\Laboratorio_2.X\Rutinas_Temp.inc
             _.org_1_00A6   0x0000a6    program     static C:\Users\Tonhito54\OneDrive\MPLABXProjects\Laboratorio_2.X\Rutinas_Temp.inc
             _.org_1_00B3   0x0000b3    program     static C:\Users\Tonhito54\OneDrive\MPLABXProjects\Laboratorio_2.X\Rutinas_Temp.inc
             _.org_1_00C3   0x0000c3    program     static C:\Users\Tonhito54\OneDrive\MPLABXProjects\Laboratorio_2.X\Rutinas_Temp.inc
             _.org_1_00DD   0x0000dd    program     static C:\Users\Tonhito54\OneDrive\MPLABXProjects\Laboratorio_2.X\Rutinas_Temp.inc
             _.org_1_00DF   0x0000df    program     static C:\Users\Tonhito54\OneDrive\MPLABXProjects\Laboratorio_2.X\Rutinas_Temp.inc
             _.org_1_00E7   0x0000e7    program     static C:\Users\Tonhito54\OneDrive\MPLABXProjects\Laboratorio_2.X\Rutinas_Temp.inc
             _.org_1_0164   0x000164    program     static C:\Users\Tonhito54\OneDrive\MPLABXProjects\Laboratorio_2.X\Rutinas_Temp.inc
             _.org_1_017C   0x00017c    program     static C:\Users\Tonhito54\OneDrive\MPLABXProjects\Laboratorio_2.X\Rutinas_Temp.inc
             _.org_1_01B4   0x0001b4    program     static C:\Users\Tonhito54\OneDrive\MPLABXProjects\Laboratorio_2.X\Rutinas_Temp.inc
              inc_Cnt_vis   0x0001a0    program     static C:\Users\Tonhito54\OneDrive\MPLABXProjects\Laboratorio_2.X\Rutinas_Temp.inc
                  ini_reg   0x0001bb    program     static C:\Users\Tonhito54\OneDrive\MPLABXProjects\Laboratorio_2.X\Rutinas_Temp.inc
                    start   0x00006e    program     static C:\Users\Tonhito54\OneDrive\MPLABXProjects\Laboratorio_2.X\Retardos.inc
                 val_inic   0x000043    program     static C:\Users\Tonhito54\OneDrive\MPLABXProjects\Laboratorio_2.X\Configuracion.inc



                              Symbols - Sorted by Address
                     Name    Address   Location    Storage File                     
                ---------  ---------  ---------  --------- ---------                
                     Main   0x000005    program     static C:\Users\Tonhito54\OneDrive\MPLABXProjects\Laboratorio_2.X\Main_Prog.asm
             _.org_1_0009   0x000009    program     static C:\Users\Tonhito54\OneDrive\MPLABXProjects\Laboratorio_2.X\Main_Prog.asm
             _.org_1_000C   0x00000c    program     static C:\Users\Tonhito54\OneDrive\MPLABXProjects\Laboratorio_2.X\Main_Prog.asm
                      M_2   0x00000f    program     static C:\Users\Tonhito54\OneDrive\MPLABXProjects\Laboratorio_2.X\Main_Prog.asm
                      M_1   0x000012    program     static C:\Users\Tonhito54\OneDrive\MPLABXProjects\Laboratorio_2.X\Main_Prog.asm
             _.org_1_0017   0x000017    program     static C:\Users\Tonhito54\OneDrive\MPLABXProjects\Laboratorio_2.X\Main_Prog.asm
                 Fin_temp   0x00001b    program     static C:\Users\Tonhito54\OneDrive\MPLABXProjects\Laboratorio_2.X\Main_Prog.asm
                      M_3   0x00001f    program     static C:\Users\Tonhito54\OneDrive\MPLABXProjects\Laboratorio_2.X\Main_Prog.asm
                      M_5   0x000027    program     static C:\Users\Tonhito54\OneDrive\MPLABXProjects\Laboratorio_2.X\Main_Prog.asm
                      M_4   0x00002d    program     static C:\Users\Tonhito54\OneDrive\MPLABXProjects\Laboratorio_2.X\Main_Prog.asm
                      Fin   0x00002e    program     static C:\Users\Tonhito54\OneDrive\MPLABXProjects\Laboratorio_2.X\Main_Prog.asm
                 Conf_osc   0x00002f    program     static C:\Users\Tonhito54\OneDrive\MPLABXProjects\Laboratorio_2.X\Configuracion.inc
                   Conf_P   0x000034    program     static C:\Users\Tonhito54\OneDrive\MPLABXProjects\Laboratorio_2.X\Configuracion.inc
                 val_inic   0x000043    program     static C:\Users\Tonhito54\OneDrive\MPLABXProjects\Laboratorio_2.X\Configuracion.inc
             _.org_1_004A   0x00004a    program     static C:\Users\Tonhito54\OneDrive\MPLABXProjects\Laboratorio_2.X\Configuracion.inc
                 RET2.56s   0x00004c    program     static C:\Users\Tonhito54\OneDrive\MPLABXProjects\Laboratorio_2.X\Retardos.inc
                    RET2s   0x00004e    program     static C:\Users\Tonhito54\OneDrive\MPLABXProjects\Laboratorio_2.X\Retardos.inc
                    RET1s   0x000050    program     static C:\Users\Tonhito54\OneDrive\MPLABXProjects\Laboratorio_2.X\Retardos.inc
                 RET500ms   0x000052    program     static C:\Users\Tonhito54\OneDrive\MPLABXProjects\Laboratorio_2.X\Retardos.inc
                 RET400ms   0x000054    program     static C:\Users\Tonhito54\OneDrive\MPLABXProjects\Laboratorio_2.X\Retardos.inc
                 RET300ms   0x000056    program     static C:\Users\Tonhito54\OneDrive\MPLABXProjects\Laboratorio_2.X\Retardos.inc
                 RET200ms   0x000058    program     static C:\Users\Tonhito54\OneDrive\MPLABXProjects\Laboratorio_2.X\Retardos.inc
                 RET100ms   0x00005a    program     static C:\Users\Tonhito54\OneDrive\MPLABXProjects\Laboratorio_2.X\Retardos.inc
                  RET90ms   0x00005c    program     static C:\Users\Tonhito54\OneDrive\MPLABXProjects\Laboratorio_2.X\Retardos.inc
                  RET80ms   0x00005e    program     static C:\Users\Tonhito54\OneDrive\MPLABXProjects\Laboratorio_2.X\Retardos.inc
                  RET70ms   0x000060    program     static C:\Users\Tonhito54\OneDrive\MPLABXProjects\Laboratorio_2.X\Retardos.inc
                  RET60ms   0x000062    program     static C:\Users\Tonhito54\OneDrive\MPLABXProjects\Laboratorio_2.X\Retardos.inc
                  RET50ms   0x000064    program     static C:\Users\Tonhito54\OneDrive\MPLABXProjects\Laboratorio_2.X\Retardos.inc
                  RET40ms   0x000066    program     static C:\Users\Tonhito54\OneDrive\MPLABXProjects\Laboratorio_2.X\Retardos.inc
                  RET30ms   0x000068    program     static C:\Users\Tonhito54\OneDrive\MPLABXProjects\Laboratorio_2.X\Retardos.inc
                  RET20ms   0x00006a    program     static C:\Users\Tonhito54\OneDrive\MPLABXProjects\Laboratorio_2.X\Retardos.inc
                  RET10ms   0x00006c    program     static C:\Users\Tonhito54\OneDrive\MPLABXProjects\Laboratorio_2.X\Retardos.inc
                    start   0x00006e    program     static C:\Users\Tonhito54\OneDrive\MPLABXProjects\Laboratorio_2.X\Retardos.inc
             _.org_1_0074   0x000074    program     static C:\Users\Tonhito54\OneDrive\MPLABXProjects\Laboratorio_2.X\Retardos.inc
             _.org_1_0077   0x000077    program     static C:\Users\Tonhito54\OneDrive\MPLABXProjects\Laboratorio_2.X\Retardos.inc
             _.org_1_007A   0x00007a    program     static C:\Users\Tonhito54\OneDrive\MPLABXProjects\Laboratorio_2.X\Retardos.inc
                   RET2ms   0x00007d    program     static C:\Users\Tonhito54\OneDrive\MPLABXProjects\Laboratorio_2.X\Retardos.inc
             _.org_1_0084   0x000084    program     static C:\Users\Tonhito54\OneDrive\MPLABXProjects\Laboratorio_2.X\Retardos.inc
             _.org_1_0087   0x000087    program     static C:\Users\Tonhito54\OneDrive\MPLABXProjects\Laboratorio_2.X\Retardos.inc
             _.org_1_008A   0x00008a    program     static C:\Users\Tonhito54\OneDrive\MPLABXProjects\Laboratorio_2.X\Retardos.inc
               Decremento   0x00008d    program     static C:\Users\Tonhito54\OneDrive\MPLABXProjects\Laboratorio_2.X\Rutinas_Temp.inc
             _.org_1_0091   0x000091    program     static C:\Users\Tonhito54\OneDrive\MPLABXProjects\Laboratorio_2.X\Rutinas_Temp.inc
             _.org_1_0095   0x000095    program     static C:\Users\Tonhito54\OneDrive\MPLABXProjects\Laboratorio_2.X\Rutinas_Temp.inc
             _.org_1_009C   0x00009c    program     static C:\Users\Tonhito54\OneDrive\MPLABXProjects\Laboratorio_2.X\Rutinas_Temp.inc
             _.org_1_00A6   0x0000a6    program     static C:\Users\Tonhito54\OneDrive\MPLABXProjects\Laboratorio_2.X\Rutinas_Temp.inc
             _.org_1_00B3   0x0000b3    program     static C:\Users\Tonhito54\OneDrive\MPLABXProjects\Laboratorio_2.X\Rutinas_Temp.inc
             _.org_1_00C3   0x0000c3    program     static C:\Users\Tonhito54\OneDrive\MPLABXProjects\Laboratorio_2.X\Rutinas_Temp.inc
                   Test_Z   0x0000d7    program     static C:\Users\Tonhito54\OneDrive\MPLABXProjects\Laboratorio_2.X\Rutinas_Temp.inc
             _.org_1_00DD   0x0000dd    program     static C:\Users\Tonhito54\OneDrive\MPLABXProjects\Laboratorio_2.X\Rutinas_Temp.inc
             _.org_1_00DF   0x0000df    program     static C:\Users\Tonhito54\OneDrive\MPLABXProjects\Laboratorio_2.X\Rutinas_Temp.inc
             _.org_1_00E7   0x0000e7    program     static C:\Users\Tonhito54\OneDrive\MPLABXProjects\Laboratorio_2.X\Rutinas_Temp.inc
               Incremento   0x0000e9    program     static C:\Users\Tonhito54\OneDrive\MPLABXProjects\Laboratorio_2.X\Rutinas_Temp.inc
                       I1   0x0000ef    program     static C:\Users\Tonhito54\OneDrive\MPLABXProjects\Laboratorio_2.X\Rutinas_Temp.inc
              Charge_data   0x000110    program     static C:\Users\Tonhito54\OneDrive\MPLABXProjects\Laboratorio_2.X\Rutinas_Temp.inc
                   TEMP_1   0x00011d    program     static C:\Users\Tonhito54\OneDrive\MPLABXProjects\Laboratorio_2.X\Rutinas_Temp.inc
                   TEMP_2   0x00012b    program     static C:\Users\Tonhito54\OneDrive\MPLABXProjects\Laboratorio_2.X\Rutinas_Temp.inc
                   TEMP_3   0x000139    program     static C:\Users\Tonhito54\OneDrive\MPLABXProjects\Laboratorio_2.X\Rutinas_Temp.inc
                   TEMP_4   0x000147    program     static C:\Users\Tonhito54\OneDrive\MPLABXProjects\Laboratorio_2.X\Rutinas_Temp.inc
               Vis_Estrob   0x000151    program     static C:\Users\Tonhito54\OneDrive\MPLABXProjects\Laboratorio_2.X\Rutinas_Temp.inc
             _.org_1_0164   0x000164    program     static C:\Users\Tonhito54\OneDrive\MPLABXProjects\Laboratorio_2.X\Rutinas_Temp.inc
              Vis_mensaje   0x000167    program     static C:\Users\Tonhito54\OneDrive\MPLABXProjects\Laboratorio_2.X\Rutinas_Temp.inc
                      T_1   0x000174    program     static C:\Users\Tonhito54\OneDrive\MPLABXProjects\Laboratorio_2.X\Rutinas_Temp.inc
                      T_2   0x000177    program     static C:\Users\Tonhito54\OneDrive\MPLABXProjects\Laboratorio_2.X\Rutinas_Temp.inc
             _.org_1_017C   0x00017c    program     static C:\Users\Tonhito54\OneDrive\MPLABXProjects\Laboratorio_2.X\Rutinas_Temp.inc
                   TABL_1   0x000180    program     static C:\Users\Tonhito54\OneDrive\MPLABXProjects\Laboratorio_2.X\Rutinas_Temp.inc
                   TABL_2   0x000189    program     static C:\Users\Tonhito54\OneDrive\MPLABXProjects\Laboratorio_2.X\Rutinas_Temp.inc
                   TABL_3   0x000192    program     static C:\Users\Tonhito54\OneDrive\MPLABXProjects\Laboratorio_2.X\Rutinas_Temp.inc
                   TABL_4   0x00019b    program     static C:\Users\Tonhito54\OneDrive\MPLABXProjects\Laboratorio_2.X\Rutinas_Temp.inc
              inc_Cnt_vis   0x0001a0    program     static C:\Users\Tonhito54\OneDrive\MPLABXProjects\Laboratorio_2.X\Rutinas_Temp.inc
             Inicio_banks   0x0001a5    program     static C:\Users\Tonhito54\OneDrive\MPLABXProjects\Laboratorio_2.X\Rutinas_Temp.inc
                  Vis_dat   0x0001ac    program     static C:\Users\Tonhito54\OneDrive\MPLABXProjects\Laboratorio_2.X\Rutinas_Temp.inc
             _.org_1_01B4   0x0001b4    program     static C:\Users\Tonhito54\OneDrive\MPLABXProjects\Laboratorio_2.X\Rutinas_Temp.inc
                  ini_reg   0x0001bb    program     static C:\Users\Tonhito54\OneDrive\MPLABXProjects\Laboratorio_2.X\Rutinas_Temp.inc
                    Tabla   0x000800    program     static C:\Users\Tonhito54\OneDrive\MPLABXProjects\Laboratorio_2.X\Tabla.inc


